date,total_amount
2017-03-18,2200.00
2017-08-31,13700000023.08
2018-02-27,129.12